2026-04-10 16:41:31.631 [main] INFO  c.g.z.headachetracker.Application - Starting Application using Java 23.0.2 with PID 1540 (C:\Users\1\Documents\Programming\Projects\HeadacheTracker\target\classes started by 1 in C:\Users\1\Documents\Programming\Projects\HeadAcheTracker)
2026-04-10 16:41:31.634 [main] DEBUG c.g.z.headachetracker.Application - Running with Spring Boot v3.2.3, Spring v6.2.17
2026-04-10 16:41:31.635 [main] INFO  c.g.z.headachetracker.Application - No active profile set, falling back to 1 default profile: "default"
2026-04-10 16:41:35.426 [main] INFO  c.g.z.headachetracker.Application - Started Application in 4.275 seconds (process running for 4.8)
2026-04-10 17:58:14.267 [main] INFO  c.g.z.headachetracker.Application - Starting Application using Java 23.0.2 with PID 21416 (C:\Users\1\Documents\Programming\Projects\HeadacheTracker\target\classes started by 1 in C:\Users\1\Documents\Programming\Projects\HeadAcheTracker)
2026-04-10 17:58:14.268 [main] DEBUG c.g.z.headachetracker.Application - Running with Spring Boot v3.2.3, Spring v6.2.17
2026-04-10 17:58:14.268 [main] INFO  c.g.z.headachetracker.Application - No active profile set, falling back to 1 default profile: "default"
2026-04-10 17:58:17.591 [main] INFO  c.g.z.headachetracker.Application - Started Application in 3.752 seconds (process running for 4.055)
2026-04-10 18:08:03.454 [main] INFO  c.g.z.headachetracker.Application - Starting Application using Java 23.0.2 with PID 1564 (C:\Users\1\Documents\Programming\Projects\HeadacheTracker\target\classes started by 1 in C:\Users\1\Documents\Programming\Projects\HeadAcheTracker)
2026-04-10 18:08:03.455 [main] DEBUG c.g.z.headachetracker.Application - Running with Spring Boot v3.2.3, Spring v6.2.17
2026-04-10 18:08:03.455 [main] INFO  c.g.z.headachetracker.Application - No active profile set, falling back to 1 default profile: "default"
2026-04-10 18:08:05.412 [main] WARN  o.s.c.a.AnnotationConfigApplicationContext - Exception encountered during context initialization - cancelling refresh attempt: org.springframework.beans.factory.BeanCreationException: Error creating bean with name 'headacheTrackerBot' defined in file [C:\Users\1\Documents\Programming\Projects\HeadacheTracker\target\classes\com\github\zeykrus\headachetracker\bot\HeadacheTrackerBot.class]: Failed to instantiate [com.github.zeykrus.headachetracker.bot.HeadacheTrackerBot]: Constructor threw exception
2026-04-10 18:08:05.469 [main] ERROR o.s.boot.SpringApplication - Application run failed
org.springframework.beans.factory.BeanCreationException: Error creating bean with name 'headacheTrackerBot' defined in file [C:\Users\1\Documents\Programming\Projects\HeadacheTracker\target\classes\com\github\zeykrus\headachetracker\bot\HeadacheTrackerBot.class]: Failed to instantiate [com.github.zeykrus.headachetracker.bot.HeadacheTrackerBot]: Constructor threw exception
	at org.springframework.beans.factory.support.AbstractAutowireCapableBeanFactory.instantiateBean(AbstractAutowireCapableBeanFactory.java:1357)
	at org.springframework.beans.factory.support.AbstractAutowireCapableBeanFactory.createBeanInstance(AbstractAutowireCapableBeanFactory.java:1242)
	at org.springframework.beans.factory.support.AbstractAutowireCapableBeanFactory.doCreateBean(AbstractAutowireCapableBeanFactory.java:569)
	at org.springframework.beans.factory.support.AbstractAutowireCapableBeanFactory.createBean(AbstractAutowireCapableBeanFactory.java:529)
	at org.springframework.beans.factory.support.AbstractBeanFactory.lambda$doGetBean$0(AbstractBeanFactory.java:339)
	at org.springframework.beans.factory.support.DefaultSingletonBeanRegistry.getSingleton(DefaultSingletonBeanRegistry.java:373)
	at org.springframework.beans.factory.support.AbstractBeanFactory.doGetBean(AbstractBeanFactory.java:337)
	at org.springframework.beans.factory.support.AbstractBeanFactory.getBean(AbstractBeanFactory.java:202)
	at org.springframework.beans.factory.support.DefaultListableBeanFactory.instantiateSingleton(DefaultListableBeanFactory.java:1228)
	at org.springframework.beans.factory.support.DefaultListableBeanFactory.preInstantiateSingleton(DefaultListableBeanFactory.java:1194)
	at org.springframework.beans.factory.support.DefaultListableBeanFactory.preInstantiateSingletons(DefaultListableBeanFactory.java:1130)
	at org.springframework.context.support.AbstractApplicationContext.finishBeanFactoryInitialization(AbstractApplicationContext.java:991)
	at org.springframework.context.support.AbstractApplicationContext.refresh(AbstractApplicationContext.java:628)
	at org.springframework.boot.SpringApplication.refresh(SpringApplication.java:754)
	at org.springframework.boot.SpringApplication.refreshContext(SpringApplication.java:456)
	at org.springframework.boot.SpringApplication.run(SpringApplication.java:334)
	at org.springframework.boot.SpringApplication.run(SpringApplication.java:1354)
	at org.springframework.boot.SpringApplication.run(SpringApplication.java:1343)
	at com.github.zeykrus.headachetracker.Application.main(Application.java:44)
Caused by: org.springframework.beans.BeanInstantiationException: Failed to instantiate [com.github.zeykrus.headachetracker.bot.HeadacheTrackerBot]: Constructor threw exception
	at org.springframework.beans.BeanUtils.instantiateClass(BeanUtils.java:223)
	at org.springframework.beans.factory.support.SimpleInstantiationStrategy.instantiate(SimpleInstantiationStrategy.java:123)
	at org.springframework.beans.factory.support.AbstractAutowireCapableBeanFactory.instantiateBean(AbstractAutowireCapableBeanFactory.java:1351)
	... 18 common frames omitted
Caused by: java.lang.NullPointerException: botToken is marked non-null but is null
	at org.telegram.telegrambots.client.okhttp.OkHttpTelegramClient.<init>(OkHttpTelegramClient.java:62)
	at org.telegram.telegrambots.client.okhttp.OkHttpTelegramClient.<init>(OkHttpTelegramClient.java:70)
	at org.telegram.telegrambots.client.okhttp.OkHttpTelegramClient.<init>(OkHttpTelegramClient.java:74)
	at org.telegram.telegrambots.client.okhttp.OkHttpTelegramClient.<init>(OkHttpTelegramClient.java:82)
	at com.github.zeykrus.headachetracker.bot.HeadacheTrackerBot.<init>(HeadacheTrackerBot.java:26)
	at java.base/jdk.internal.reflect.DirectConstructorHandleAccessor.newInstance(DirectConstructorHandleAccessor.java:62)
	at java.base/java.lang.reflect.Constructor.newInstanceWithCaller(Constructor.java:501)
	at java.base/java.lang.reflect.Constructor.newInstance(Constructor.java:485)
	at org.springframework.beans.BeanUtils.instantiateClass(BeanUtils.java:197)
	... 20 common frames omitted
2026-04-10 18:10:37.261 [main] INFO  c.g.z.headachetracker.Application - Starting Application using Java 23.0.2 with PID 25364 (C:\Users\1\Documents\Programming\Projects\HeadacheTracker\target\classes started by 1 in C:\Users\1\Documents\Programming\Projects\HeadAcheTracker)
2026-04-10 18:10:37.262 [main] DEBUG c.g.z.headachetracker.Application - Running with Spring Boot v3.2.3, Spring v6.2.17
2026-04-10 18:10:37.263 [main] INFO  c.g.z.headachetracker.Application - No active profile set, falling back to 1 default profile: "default"
2026-04-10 18:10:40.543 [main] INFO  c.g.z.headachetracker.Application - Started Application in 3.7 seconds (process running for 4.002)
2026-04-10 18:10:41.405 [pool-2-thread-1] ERROR c.g.z.h.bot.HeadacheTrackerBot - Ошибка отправки сообщения. chatId: 362497390
2026-04-10 18:11:52.186 [main] INFO  c.g.z.headachetracker.Application - Starting Application using Java 23.0.2 with PID 23696 (C:\Users\1\Documents\Programming\Projects\HeadacheTracker\target\classes started by 1 in C:\Users\1\Documents\Programming\Projects\HeadAcheTracker)
2026-04-10 18:11:52.187 [main] DEBUG c.g.z.headachetracker.Application - Running with Spring Boot v3.2.3, Spring v6.2.17
2026-04-10 18:11:52.187 [main] INFO  c.g.z.headachetracker.Application - No active profile set, falling back to 1 default profile: "default"
2026-04-10 18:11:59.707 [main] WARN  o.s.c.a.AnnotationConfigApplicationContext - Exception encountered during context initialization - cancelling refresh attempt: org.springframework.beans.factory.BeanCreationException: Error creating bean with name 'telegramBotInitializer' defined in class path resource [org/telegram/telegrambots/longpolling/starter/TelegramBotStarterConfiguration.class]: -1: org.telegram.telegrambots.longpolling.exceptions.TelegramApiErrorResponseException: Unable to execute deleteWebhook method
2026-04-10 18:11:59.730 [main] ERROR o.s.boot.SpringApplication - Application run failed
org.springframework.beans.factory.BeanCreationException: Error creating bean with name 'telegramBotInitializer' defined in class path resource [org/telegram/telegrambots/longpolling/starter/TelegramBotStarterConfiguration.class]: -1: org.telegram.telegrambots.longpolling.exceptions.TelegramApiErrorResponseException: Unable to execute deleteWebhook method
	at org.springframework.beans.factory.support.AbstractAutowireCapableBeanFactory.initializeBean(AbstractAutowireCapableBeanFactory.java:1826)
	at org.springframework.beans.factory.support.AbstractAutowireCapableBeanFactory.doCreateBean(AbstractAutowireCapableBeanFactory.java:607)
	at org.springframework.beans.factory.support.AbstractAutowireCapableBeanFactory.createBean(AbstractAutowireCapableBeanFactory.java:529)
	at org.springframework.beans.factory.support.AbstractBeanFactory.lambda$doGetBean$0(AbstractBeanFactory.java:339)
	at org.springframework.beans.factory.support.DefaultSingletonBeanRegistry.getSingleton(DefaultSingletonBeanRegistry.java:373)
	at org.springframework.beans.factory.support.AbstractBeanFactory.doGetBean(AbstractBeanFactory.java:337)
	at org.springframework.beans.factory.support.AbstractBeanFactory.getBean(AbstractBeanFactory.java:202)
	at org.springframework.beans.factory.support.DefaultListableBeanFactory.instantiateSingleton(DefaultListableBeanFactory.java:1228)
	at org.springframework.beans.factory.support.DefaultListableBeanFactory.preInstantiateSingleton(DefaultListableBeanFactory.java:1194)
	at org.springframework.beans.factory.support.DefaultListableBeanFactory.preInstantiateSingletons(DefaultListableBeanFactory.java:1130)
	at org.springframework.context.support.AbstractApplicationContext.finishBeanFactoryInitialization(AbstractApplicationContext.java:991)
	at org.springframework.context.support.AbstractApplicationContext.refresh(AbstractApplicationContext.java:628)
	at org.springframework.boot.SpringApplication.refresh(SpringApplication.java:754)
	at org.springframework.boot.SpringApplication.refreshContext(SpringApplication.java:456)
	at org.springframework.boot.SpringApplication.run(SpringApplication.java:334)
	at org.springframework.boot.SpringApplication.run(SpringApplication.java:1354)
	at org.springframework.boot.SpringApplication.run(SpringApplication.java:1343)
	at com.github.zeykrus.headachetracker.Application.main(Application.java:44)
Caused by: java.lang.RuntimeException: -1: org.telegram.telegrambots.longpolling.exceptions.TelegramApiErrorResponseException: Unable to execute deleteWebhook method
	at org.telegram.telegrambots.longpolling.starter.TelegramBotInitializer.afterPropertiesSet(TelegramBotInitializer.java:35)
	at org.springframework.beans.factory.support.AbstractAutowireCapableBeanFactory.invokeInitMethods(AbstractAutowireCapableBeanFactory.java:1873)
	at org.springframework.beans.factory.support.AbstractAutowireCapableBeanFactory.initializeBean(AbstractAutowireCapableBeanFactory.java:1822)
	... 17 common frames omitted
Caused by: org.telegram.telegrambots.longpolling.exceptions.TelegramApiErrorResponseException: Unable to execute deleteWebhook method
	at org.telegram.telegrambots.longpolling.BotSession.executeDeleteWebhook(BotSession.java:184)
	at org.telegram.telegrambots.longpolling.BotSession.createPollerTask(BotSession.java:99)
	at org.telegram.telegrambots.longpolling.BotSession.start(BotSession.java:77)
	at org.telegram.telegrambots.longpolling.TelegramBotsLongPollingApplication.registerBot(TelegramBotsLongPollingApplication.java:85)
	at org.telegram.telegrambots.longpolling.TelegramBotsLongPollingApplication.registerBot(TelegramBotsLongPollingApplication.java:63)
	at org.telegram.telegrambots.longpolling.starter.TelegramBotInitializer.afterPropertiesSet(TelegramBotInitializer.java:31)
	... 19 common frames omitted
Caused by: java.net.SocketException: Connection reset
	at java.base/sun.nio.ch.NioSocketImpl.implRead(NioSocketImpl.java:318)
	at java.base/sun.nio.ch.NioSocketImpl.read(NioSocketImpl.java:346)
	at java.base/sun.nio.ch.NioSocketImpl$1.read(NioSocketImpl.java:796)
	at java.base/java.net.Socket$SocketInputStream.implRead(Socket.java:1116)
	at java.base/java.net.Socket$SocketInputStream.read(Socket.java:1103)
	at java.base/sun.security.ssl.SSLSocketInputRecord.read(SSLSocketInputRecord.java:489)
	at java.base/sun.security.ssl.SSLSocketInputRecord.readHeader(SSLSocketInputRecord.java:483)
	at java.base/sun.security.ssl.SSLSocketInputRecord.decode(SSLSocketInputRecord.java:160)
	at java.base/sun.security.ssl.SSLTransport.decode(SSLTransport.java:111)
	at java.base/sun.security.ssl.SSLSocketImpl.decode(SSLSocketImpl.java:1507)
	at java.base/sun.security.ssl.SSLSocketImpl.readHandshakeRecord(SSLSocketImpl.java:1422)
	at java.base/sun.security.ssl.SSLSocketImpl.startHandshake(SSLSocketImpl.java:455)
	at java.base/sun.security.ssl.SSLSocketImpl.startHandshake(SSLSocketImpl.java:426)
	at okhttp3.internal.connection.RealConnection.connectTls(RealConnection.kt:379)
	at okhttp3.internal.connection.RealConnection.establishProtocol(RealConnection.kt:337)
	at okhttp3.internal.connection.RealConnection.connect(RealConnection.kt:209)
	at okhttp3.internal.connection.ExchangeFinder.findConnection(ExchangeFinder.kt:226)
	at okhttp3.internal.connection.ExchangeFinder.findHealthyConnection(ExchangeFinder.kt:106)
	at okhttp3.internal.connection.ExchangeFinder.find(ExchangeFinder.kt:74)
	at okhttp3.internal.connection.RealCall.initExchange$okhttp(RealCall.kt:255)
	at okhttp3.internal.connection.ConnectInterceptor.intercept(ConnectInterceptor.kt:32)
	at okhttp3.internal.http.RealInterceptorChain.proceed(RealInterceptorChain.kt:109)
	at okhttp3.internal.cache.CacheInterceptor.intercept(CacheInterceptor.kt:95)
	at okhttp3.internal.http.RealInterceptorChain.proceed(RealInterceptorChain.kt:109)
	at okhttp3.internal.http.BridgeInterceptor.intercept(BridgeInterceptor.kt:83)
	at okhttp3.internal.http.RealInterceptorChain.proceed(RealInterceptorChain.kt:109)
	at okhttp3.internal.http.RetryAndFollowUpInterceptor.intercept(RetryAndFollowUpInterceptor.kt:76)
	at okhttp3.internal.http.RealInterceptorChain.proceed(RealInterceptorChain.kt:109)
	at okhttp3.internal.connection.RealCall.getResponseWithInterceptorChain$okhttp(RealCall.kt:201)
	at okhttp3.internal.connection.RealCall.execute(RealCall.kt:154)
	at org.telegram.telegrambots.longpolling.BotSession.executeDeleteWebhook(BotSession.java:166)
	... 24 common frames omitted
2026-04-10 18:12:08.082 [main] INFO  c.g.z.headachetracker.Application - Starting Application using Java 23.0.2 with PID 24052 (C:\Users\1\Documents\Programming\Projects\HeadacheTracker\target\classes started by 1 in C:\Users\1\Documents\Programming\Projects\HeadAcheTracker)
2026-04-10 18:12:08.083 [main] DEBUG c.g.z.headachetracker.Application - Running with Spring Boot v3.2.3, Spring v6.2.17
2026-04-10 18:12:08.083 [main] INFO  c.g.z.headachetracker.Application - No active profile set, falling back to 1 default profile: "default"
2026-04-10 18:12:16.747 [main] INFO  c.g.z.headachetracker.Application - Started Application in 9.102 seconds (process running for 9.42)
